// Vitest Snapshot v1, https://vitest.dev/guide/snapshot.html

exports[`Nav > matches snapshot 1`] = `
<div>
  <nav
    class="_Nav_03786e"
  >
    <a
      aria-label="Go to oscillator section"
      class="_active_03786e"
      data-focus_id="oscillator"
      href="#oscillator"
    >
      Oscillator
    </a>
    <a
      aria-label="Go to filter section"
      class="__03786e"
      data-focus_id="filter"
      href="#filter"
    >
      Filter
    </a>
    <a
      aria-label="Go to filterEnvelope section"
      class="__03786e"
      data-focus_id="filterEnvelope"
      href="#filterEnvelope"
    >
      Filter Env
    </a>
    <a
      aria-label="Go to ampEnvelope section"
      class="__03786e"
      data-focus_id="ampEnvelope"
      href="#ampEnvelope"
    >
      Amp Env
    </a>
  </nav>
</div>
`;
