// Vitest Snapshot v1

exports[`Slider > matches snapshot 1`] = `
<div
  data-testid="Slider"
>
  <label
    for="groupName::parameter"
  >
    displayName
  </label>
  <input
    id="groupName::parameter"
    max="127"
    min="0"
    step="0.05"
    type="range"
    value="120"
  />
  <output
    for="groupName::parameter"
  >
    240
  </output>
</div>
`;
