// Vitest Snapshot v1, https://vitest.dev/guide/snapshot.html

exports[`App > matches snapshot 1`] = `
<div
  class="_App_099074"
>
  <form
    aria-label="synth user interface"
  >
    <section
      aria-label="Oscillator"
      class="_SynthParameterGroup--focus_a92880"
      id="oscillator"
    >
      <header>
        <h2>
          Oscillator
        </h2>
      </header>
    </section>
    <section
      aria-label="Filter"
      class="_SynthParameterGroup_a92880"
      id="filter"
    >
      <header>
        <h2>
          Filter
        </h2>
      </header>
      <div>
        <label
          for="filter-frequency"
        >
          Frequency
        </label>
        <input
          id="filter-frequency"
          max="127"
          min="0"
          step="0.05"
          type="range"
          value="71.25595213027319"
        />
        <output
          aria-label="Filter frequency"
          for="filter-frequency"
        >
          1999.9999999999998
        </output>
      </div>
      <div>
        <label
          for="filter-resonance"
        >
          Resonance
        </label>
        <input
          id="filter-resonance"
          max="127"
          min="0"
          step="0.05"
          type="range"
          value="31.75"
        />
        <output
          aria-label="Filter resonance"
          for="filter-resonance"
        >
          6
        </output>
      </div>
    </section>
    <section
      aria-label="Filter Envelope"
      class="_SynthParameterGroup_a92880"
      id="filterEnvelope"
    >
      <header>
        <h2>
          Filter Envelope
        </h2>
      </header>
      <div>
        <label
          for="filterEnvelope-attack"
        >
          Attack
        </label>
        <input
          id="filterEnvelope-attack"
          max="127"
          min="0"
          step="0.05"
          type="range"
          value="6.348793487934879"
        />
        <output
          aria-label="Filter Envelope attack"
          for="filterEnvelope-attack"
        >
          0.5
        </output>
      </div>
      <div>
        <label
          for="filterEnvelope-decay"
        >
          Decay
        </label>
        <input
          id="filterEnvelope-decay"
          max="127"
          min="0"
          step="0.05"
          type="range"
          value="6.348793487934879"
        />
        <output
          aria-label="Filter Envelope decay"
          for="filterEnvelope-decay"
        >
          0.5
        </output>
      </div>
      <div>
        <label
          for="filterEnvelope-sustain"
        >
          Sustain
        </label>
        <input
          id="filterEnvelope-sustain"
          max="127"
          min="0"
          step="0.05"
          type="range"
          value="127"
        />
        <output
          aria-label="Filter Envelope sustain"
          for="filterEnvelope-sustain"
        >
          1
        </output>
      </div>
      <div>
        <label
          for="filterEnvelope-release"
        >
          Release
        </label>
        <input
          id="filterEnvelope-release"
          max="127"
          min="0"
          step="0.05"
          type="range"
          value="12.698856988569887"
        />
        <output
          aria-label="Filter Envelope release"
          for="filterEnvelope-release"
        >
          1
        </output>
      </div>
      <div>
        <label
          for="filterEnvelope-amount"
        >
          Amount
        </label>
        <input
          id="filterEnvelope-amount"
          max="127"
          min="0"
          step="0.05"
          type="range"
          value="25.400000000000002"
        />
        <output
          aria-label="Filter Envelope amount"
          for="filterEnvelope-amount"
        >
          2
        </output>
      </div>
    </section>
    <section
      aria-label="Amp Envelope"
      class="_SynthParameterGroup_a92880"
      id="ampEnvelope"
    >
      <header>
        <h2>
          Amp Envelope
        </h2>
      </header>
      <div>
        <label
          for="envelope-attack"
        >
          Attack
        </label>
        <input
          id="envelope-attack"
          max="127"
          min="0"
          step="0.05"
          type="range"
          value="0"
        />
        <output
          aria-label="Envelope attack"
          for="envelope-attack"
        >
          0.0001
        </output>
      </div>
      <div>
        <label
          for="envelope-decay"
        >
          Decay
        </label>
        <input
          id="envelope-decay"
          max="127"
          min="0"
          step="0.05"
          type="range"
          value="6.348793487934879"
        />
        <output
          aria-label="Envelope decay"
          for="envelope-decay"
        >
          0.5
        </output>
      </div>
      <div>
        <label
          for="envelope-sustain"
        >
          Sustain
        </label>
        <input
          id="envelope-sustain"
          max="127"
          min="0"
          step="0.05"
          type="range"
          value="127"
        />
        <output
          aria-label="Envelope sustain"
          for="envelope-sustain"
        >
          1
        </output>
      </div>
      <div>
        <label
          for="envelope-release"
        >
          Release
        </label>
        <input
          id="envelope-release"
          max="127"
          min="0"
          step="0.05"
          type="range"
          value="12.698856988569887"
        />
        <output
          aria-label="Envelope release"
          for="envelope-release"
        >
          1
        </output>
      </div>
    </section>
    <div>
      <label
        for="octave"
      >
        Octave: 
      </label>
      <input
        id="octave"
        max="5"
        min="-5"
        type="number"
        value="0"
      />
      <div>
        <button
          aria-label="key"
          class="_key_e6b5de  _MajorKey_e6b5de"
          data-testid=""
          type="button"
          value="60"
        >
          C
        </button>
        <button
          aria-label="key"
          class="_key_e6b5de  _MinorKey_e6b5de"
          data-testid=""
          type="button"
          value="61"
        >
          Db
        </button>
        <button
          aria-label="key"
          class="_key_e6b5de  _MajorKey_e6b5de"
          data-testid=""
          type="button"
          value="62"
        >
          D
        </button>
        <button
          aria-label="key"
          class="_key_e6b5de  _MinorKey_e6b5de"
          data-testid=""
          type="button"
          value="63"
        >
          Eb
        </button>
        <button
          aria-label="key"
          class="_key_e6b5de  _MajorKey_e6b5de"
          data-testid=""
          type="button"
          value="64"
        >
          E
        </button>
        <button
          aria-label="key"
          class="_key_e6b5de  _MajorKey_e6b5de"
          data-testid=""
          type="button"
          value="65"
        >
          F
        </button>
        <button
          aria-label="key"
          class="_key_e6b5de  _MinorKey_e6b5de"
          data-testid=""
          type="button"
          value="66"
        >
          Gb
        </button>
        <button
          aria-label="key"
          class="_key_e6b5de  _MajorKey_e6b5de"
          data-testid=""
          type="button"
          value="67"
        >
          G
        </button>
        <button
          aria-label="key"
          class="_key_e6b5de  _MinorKey_e6b5de"
          data-testid=""
          type="button"
          value="68"
        >
          Ab
        </button>
        <button
          aria-label="key"
          class="_key_e6b5de  _MajorKey_e6b5de"
          data-testid=""
          type="button"
          value="69"
        >
          A
        </button>
        <button
          aria-label="key"
          class="_key_e6b5de  _MinorKey_e6b5de"
          data-testid=""
          type="button"
          value="70"
        >
          Bb
        </button>
        <button
          aria-label="key"
          class="_key_e6b5de  _MajorKey_e6b5de"
          data-testid=""
          type="button"
          value="71"
        >
          B
        </button>
      </div>
    </div>
  </form>
</div>
`;
