// Vitest Snapshot v1, https://vitest.dev/guide/snapshot.html

exports[`App > matches snapshot 1`] = `
<div
  class="App"
>
  <form
    aria-label="synth user interface"
  >
    <section
      aria-label="Oscillator"
      class="_SynthParameterGroup--focus_a92880"
      id="oscillator"
    >
      <header>
        <h2>
          Oscillator
        </h2>
      </header>
    </section>
    <section
      aria-label="Filter"
      class="_SynthParameterGroup_a92880"
      id="filter"
    >
      <header>
        <h2>
          Filter
        </h2>
      </header>
      <div>
        <label
          for="filter-frequency"
        >
          Frequency
        </label>
        <input
          id="filter-frequency"
          max="127"
          min="0"
          step="0.05"
          type="range"
          value="-22.58979807604313"
        />
        <output
          aria-label="Filter frequency"
          for="filter-frequency"
        >
          -3.552713678800501e-15
        </output>
      </div>
      <div>
        <label
          for="filter-resonance"
        >
          Resonance
        </label>
        <input
          id="filter-resonance"
          max="127"
          min="0"
          step="0.05"
          type="range"
          value="0"
        />
        <output
          aria-label="Filter resonance"
          for="filter-resonance"
        >
          0
        </output>
      </div>
    </section>
    <section
      aria-label="Filter Envelope"
      class="_SynthParameterGroup_a92880"
      id="filterEnvelope"
    >
      <header>
        <h2>
          Filter Envelope
        </h2>
      </header>
      <div>
        <label
          for="filterEnvelope-attack"
        >
          Attack
        </label>
        <input
          id="filterEnvelope-attack"
          max="127"
          min="0"
          step="0.05"
          type="range"
          value="0"
        />
        <output
          aria-label="Filter Envelope attack"
          for="filterEnvelope-attack"
        >
          0
        </output>
      </div>
      <div>
        <label
          for="filterEnvelope-decay"
        >
          Decay
        </label>
        <input
          id="filterEnvelope-decay"
          max="127"
          min="0"
          step="0.05"
          type="range"
          value="0"
        />
        <output
          aria-label="Filter Envelope decay"
          for="filterEnvelope-decay"
        >
          0
        </output>
      </div>
      <div>
        <label
          for="filterEnvelope-sustain"
        >
          Sustain
        </label>
        <input
          id="filterEnvelope-sustain"
          max="127"
          min="0"
          step="0.05"
          type="range"
          value="0"
        />
        <output
          aria-label="Filter Envelope sustain"
          for="filterEnvelope-sustain"
        >
          0
        </output>
      </div>
      <div>
        <label
          for="filterEnvelope-release"
        >
          Release
        </label>
        <input
          id="filterEnvelope-release"
          max="127"
          min="0"
          step="0.05"
          type="range"
          value="-0.0025400508010160203"
        />
        <output
          aria-label="Filter Envelope release"
          for="filterEnvelope-release"
        >
          -1.3552527156068805e-20
        </output>
      </div>
      <div>
        <label
          for="filterEnvelope-amount"
        >
          Amount
        </label>
        <input
          id="filterEnvelope-amount"
          max="127"
          min="0"
          step="0.05"
          type="range"
          value="0"
        />
        <output
          aria-label="Filter Envelope amount"
          for="filterEnvelope-amount"
        >
          0
        </output>
      </div>
    </section>
    <section
      aria-label="Amp Envelope"
      class="_SynthParameterGroup_a92880"
      id="ampEnvelope"
    >
      <header>
        <h2>
          Amp Envelope
        </h2>
      </header>
      <div>
        <label
          for="envelope-attack"
        >
          Attack
        </label>
        <input
          id="envelope-attack"
          max="127"
          min="0"
          step="0.05"
          type="range"
          value="0.8980256121069153"
        />
        <output
          aria-label="Envelope attack"
          for="envelope-attack"
        >
          0.0001
        </output>
      </div>
      <div>
        <label
          for="envelope-decay"
        >
          Decay
        </label>
        <input
          id="envelope-decay"
          max="127"
          min="0"
          step="0.05"
          type="range"
          value="31.75"
        />
        <output
          aria-label="Envelope decay"
          for="envelope-decay"
        >
          0.5
        </output>
      </div>
      <div>
        <label
          for="envelope-sustain"
        >
          Sustain
        </label>
        <input
          id="envelope-sustain"
          max="127"
          min="0"
          step="0.05"
          type="range"
          value="127"
        />
        <output
          aria-label="Envelope sustain"
          for="envelope-sustain"
        >
          1
        </output>
      </div>
      <div>
        <label
          for="envelope-release"
        >
          Release
        </label>
        <input
          id="envelope-release"
          max="127"
          min="0"
          step="0.05"
          type="range"
          value="25.397967959359185"
        />
        <output
          aria-label="Envelope release"
          for="envelope-release"
        >
          0.9999999999999999
        </output>
      </div>
    </section>
    <div>
      <button
        aria-label="key"
        type="button"
        value="0"
      >
        C
      </button>
      <button
        aria-label="key"
        type="button"
        value="1"
      >
        Db
      </button>
      <button
        aria-label="key"
        type="button"
        value="2"
      >
        D
      </button>
      <button
        aria-label="key"
        type="button"
        value="3"
      >
        Eb
      </button>
      <button
        aria-label="key"
        type="button"
        value="4"
      >
        E
      </button>
      <button
        aria-label="key"
        type="button"
        value="5"
      >
        F
      </button>
      <button
        aria-label="key"
        type="button"
        value="6"
      >
        Gb
      </button>
      <button
        aria-label="key"
        type="button"
        value="7"
      >
        G
      </button>
      <button
        aria-label="key"
        type="button"
        value="8"
      >
        Ab
      </button>
      <button
        aria-label="key"
        type="button"
        value="9"
      >
        A
      </button>
      <button
        aria-label="key"
        type="button"
        value="10"
      >
        Bb
      </button>
      <button
        aria-label="key"
        type="button"
        value="11"
      >
        B
      </button>
    </div>
  </form>
</div>
`;
