// Vitest Snapshot v1, https://vitest.dev/guide/snapshot.html

exports[`App > matches snapshot 1`] = `
<div
  class="_App_099074"
>
  <div
    class="_App__Header_099074"
  />
  <div
    class="_App__Main_099074"
  >
    <div>
      <form
        aria-label="synth controls"
      >
        <section
          aria-label="Oscillator"
          class="
        _SynthParameterGroup_a92880
        _SynthParameterGroup--focus_a92880"
          id="oscillator"
        >
          <header>
            <h2>
              Oscillator
            </h2>
          </header>
          <div
            class="_SynthParameterGroup__controls_a92880"
          />
        </section>
        <section
          aria-label="Filter"
          class="
        _SynthParameterGroup_a92880
        _SynthParameterGroup_a92880"
          id="filter"
        >
          <header>
            <h2>
              Filter
            </h2>
          </header>
          <div
            class="_SynthParameterGroup__controls_a92880"
          >
            <div
              class="_Slider_79b390"
            >
              <label
                for="filter-Freq"
              >
                Freq
              </label>
              <input
                id="filter-Freq"
                max="127"
                min="0"
                step="0.05"
                type="range"
                value="71.25595213027319"
              />
              <output
                aria-label="Filter Freq"
                for="filter-Freq"
              >
                1999.9999999999998
              </output>
            </div>
            <div
              class="_Slider_79b390"
            >
              <label
                for="filter-Res"
              >
                Res
              </label>
              <input
                id="filter-Res"
                max="127"
                min="0"
                step="0.05"
                type="range"
                value="31.75"
              />
              <output
                aria-label="Filter Res"
                for="filter-Res"
              >
                6
              </output>
            </div>
          </div>
        </section>
        <section
          aria-label="Filter Envelope"
          class="
        _SynthParameterGroup_a92880
        _SynthParameterGroup_a92880"
          id="filterEnvelope"
        >
          <header>
            <h2>
              Filter Envelope
            </h2>
          </header>
          <div
            class="_SynthParameterGroup__controls_a92880"
          >
            <div
              class="_Slider_79b390"
            >
              <label
                for="filterEnvelope-A"
              >
                A
              </label>
              <input
                id="filterEnvelope-A"
                max="127"
                min="0"
                step="0.05"
                type="range"
                value="6.348793487934879"
              />
              <output
                aria-label="Filter Envelope A"
                for="filterEnvelope-A"
              >
                0.5
              </output>
            </div>
            <div
              class="_Slider_79b390"
            >
              <label
                for="filterEnvelope-D"
              >
                D
              </label>
              <input
                id="filterEnvelope-D"
                max="127"
                min="0"
                step="0.05"
                type="range"
                value="6.348793487934879"
              />
              <output
                aria-label="Filter Envelope D"
                for="filterEnvelope-D"
              >
                0.5
              </output>
            </div>
            <div
              class="_Slider_79b390"
            >
              <label
                for="filterEnvelope-S"
              >
                S
              </label>
              <input
                id="filterEnvelope-S"
                max="127"
                min="0"
                step="0.05"
                type="range"
                value="127"
              />
              <output
                aria-label="Filter Envelope S"
                for="filterEnvelope-S"
              >
                1
              </output>
            </div>
            <div
              class="_Slider_79b390"
            >
              <label
                for="filterEnvelope-R"
              >
                R
              </label>
              <input
                id="filterEnvelope-R"
                max="127"
                min="0"
                step="0.05"
                type="range"
                value="12.698856988569887"
              />
              <output
                aria-label="Filter Envelope R"
                for="filterEnvelope-R"
              >
                1
              </output>
            </div>
            <div
              class="_Slider_79b390"
            >
              <label
                for="filterEnvelope-Amnt"
              >
                Amnt
              </label>
              <input
                id="filterEnvelope-Amnt"
                max="127"
                min="0"
                step="0.05"
                type="range"
                value="25.400000000000002"
              />
              <output
                aria-label="Filter Envelope Amnt"
                for="filterEnvelope-Amnt"
              >
                2
              </output>
            </div>
          </div>
        </section>
        <section
          aria-label="Amp Envelope"
          class="
        _SynthParameterGroup_a92880
        _SynthParameterGroup_a92880"
          id="ampEnvelope"
        >
          <header>
            <h2>
              Amp Envelope
            </h2>
          </header>
          <div
            class="_SynthParameterGroup__controls_a92880"
          >
            <div
              class="_Slider_79b390"
            >
              <label
                for="envelope-A"
              >
                A
              </label>
              <input
                id="envelope-A"
                max="127"
                min="0"
                step="0.05"
                type="range"
                value="0"
              />
              <output
                aria-label="Envelope A"
                for="envelope-A"
              >
                0.0001
              </output>
            </div>
            <div
              class="_Slider_79b390"
            >
              <label
                for="envelope-D"
              >
                D
              </label>
              <input
                id="envelope-D"
                max="127"
                min="0"
                step="0.05"
                type="range"
                value="6.348793487934879"
              />
              <output
                aria-label="Envelope D"
                for="envelope-D"
              >
                0.5
              </output>
            </div>
            <div
              class="_Slider_79b390"
            >
              <label
                for="envelope-S"
              >
                S
              </label>
              <input
                id="envelope-S"
                max="127"
                min="0"
                step="0.05"
                type="range"
                value="127"
              />
              <output
                aria-label="Envelope S"
                for="envelope-S"
              >
                1
              </output>
            </div>
            <div
              class="_Slider_79b390"
            >
              <label
                for="release-R"
              >
                R
              </label>
              <input
                id="release-R"
                max="127"
                min="0"
                step="0.05"
                type="range"
                value="12.698856988569887"
              />
              <output
                aria-label="Release R"
                for="release-R"
              >
                1
              </output>
            </div>
          </div>
        </section>
      </form>
    </div>
  </div>
  <div
    class="_App__Footer_099074"
  >
    <div
      class="_UIKeyboard_e6b5de"
    >
      <label
        for="octave"
      >
        Octave: 
      </label>
      <input
        id="octave"
        max="5"
        min="-5"
        type="number"
        value="0"
      />
      <input
        id="pitchBend"
        max="16383"
        min="0"
        type="range"
        value="8192"
      />
      <div
        class="_keys_e6b5de"
      >
        <button
          aria-label="key-C"
          class="_key_e6b5de  _MajorKey_e6b5de"
          data-testid=""
          type="button"
          value="60"
        />
        <button
          aria-label="key-Db"
          class="_key_e6b5de  _MinorKey_e6b5de"
          data-testid=""
          type="button"
          value="61"
        />
        <button
          aria-label="key-D"
          class="_key_e6b5de  _MajorKey_e6b5de"
          data-testid=""
          type="button"
          value="62"
        />
        <button
          aria-label="key-Eb"
          class="_key_e6b5de  _MinorKey_e6b5de"
          data-testid=""
          type="button"
          value="63"
        />
        <button
          aria-label="key-E"
          class="_key_e6b5de  _MajorKey_e6b5de"
          data-testid=""
          type="button"
          value="64"
        />
        <button
          aria-label="key-F"
          class="_key_e6b5de  _MajorKey_e6b5de"
          data-testid=""
          type="button"
          value="65"
        />
        <button
          aria-label="key-Gb"
          class="_key_e6b5de  _MinorKey_e6b5de"
          data-testid=""
          type="button"
          value="66"
        />
        <button
          aria-label="key-G"
          class="_key_e6b5de  _MajorKey_e6b5de"
          data-testid=""
          type="button"
          value="67"
        />
        <button
          aria-label="key-Ab"
          class="_key_e6b5de  _MinorKey_e6b5de"
          data-testid=""
          type="button"
          value="68"
        />
        <button
          aria-label="key-A"
          class="_key_e6b5de  _MajorKey_e6b5de"
          data-testid=""
          type="button"
          value="69"
        />
        <button
          aria-label="key-Bb"
          class="_key_e6b5de  _MinorKey_e6b5de"
          data-testid=""
          type="button"
          value="70"
        />
        <button
          aria-label="key-B"
          class="_key_e6b5de  _MajorKey_e6b5de"
          data-testid=""
          type="button"
          value="71"
        />
      </div>
    </div>
  </div>
</div>
`;
