// Vitest Snapshot v1

exports[`App > matches snapshot 1`] = `
<div
  class="App"
>
  <div
    data-testid="SynthUI"
  >
    <section>
      <form
        aria-label="oscillator"
        class="_SynthParameterGroup_f01a7f"
        id="oscillator"
      >
        <header>
          <h2>
            Oscillator
          </h2>
        </header>
        <input
          type="range"
        />
      </form>
    </section>
    <section>
      <form
        aria-label="filter"
        class="_SynthParameterGroup_f01a7f"
        id="filter"
      >
        <header>
          <h2>
            Filter
          </h2>
        </header>
        <input
          type="range"
        />
      </form>
    </section>
    <section>
      <form
        aria-label="filterEnvelope"
        class="_SynthParameterGroup_f01a7f"
        id="filterEnvelope"
      >
        <header>
          <h2>
            Filter Envelope
          </h2>
        </header>
        <input
          type="range"
        />
      </form>
    </section>
    <section>
      <form
        aria-label="envelope"
        class="_SynthParameterGroup_f01a7f"
        id="envelope"
      >
        <header>
          <h2>
            Amp Envelope
          </h2>
        </header>
        <input
          type="range"
        />
      </form>
    </section>
  </div>
</div>
`;
