// Vitest Snapshot v1

exports[`App > matches snapshot 1`] = `
<div
  class="App"
>
  <div
    data-testid="synth"
  >
    <section
      class="_SynthParameterGroup_f01a7f"
    >
      <form
        aria-label="filter"
        id="filter"
      >
        <input
          type="range"
        />
      </form>
    </section>
    <section
      class="_SynthParameterGroup_f01a7f"
    >
      <form
        aria-label="filterEnvelope"
        id="filterEnvelope"
      >
        <input
          type="range"
        />
      </form>
    </section>
  </div>
</div>
`;
