// Vitest Snapshot v1, https://vitest.dev/guide/snapshot.html

exports[`UIKeyboard > matches snapshot 1`] = `
<div>
  <div>
    <button
      aria-label="key"
      type="button"
      value="0"
    >
      C
    </button>
    <button
      aria-label="key"
      type="button"
      value="1"
    >
      Db
    </button>
    <button
      aria-label="key"
      type="button"
      value="2"
    >
      D
    </button>
    <button
      aria-label="key"
      type="button"
      value="3"
    >
      Eb
    </button>
    <button
      aria-label="key"
      type="button"
      value="4"
    >
      E
    </button>
    <button
      aria-label="key"
      type="button"
      value="5"
    >
      F
    </button>
    <button
      aria-label="key"
      type="button"
      value="6"
    >
      Gb
    </button>
    <button
      aria-label="key"
      type="button"
      value="7"
    >
      G
    </button>
    <button
      aria-label="key"
      type="button"
      value="8"
    >
      Ab
    </button>
    <button
      aria-label="key"
      type="button"
      value="9"
    >
      A
    </button>
    <button
      aria-label="key"
      type="button"
      value="10"
    >
      Bb
    </button>
    <button
      aria-label="key"
      type="button"
      value="11"
    >
      B
    </button>
  </div>
</div>
`;
