// Vitest Snapshot v1, https://vitest.dev/guide/snapshot.html

exports[`UIKeyboard > matches snapshot 1`] = `
<div>
  <div>
    <label
      for="transpose"
    >
      Octave: 
    </label>
    <input
      id="transpose"
      max="5"
      min="-5"
      type="number"
      value="0"
    />
    <div>
      <button
        aria-label="key"
        type="button"
        value="60"
      >
        C
      </button>
      <button
        aria-label="key"
        type="button"
        value="61"
      >
        Db
      </button>
      <button
        aria-label="key"
        type="button"
        value="62"
      >
        D
      </button>
      <button
        aria-label="key"
        type="button"
        value="63"
      >
        Eb
      </button>
      <button
        aria-label="key"
        type="button"
        value="64"
      >
        E
      </button>
      <button
        aria-label="key"
        type="button"
        value="65"
      >
        F
      </button>
      <button
        aria-label="key"
        type="button"
        value="66"
      >
        Gb
      </button>
      <button
        aria-label="key"
        type="button"
        value="67"
      >
        G
      </button>
      <button
        aria-label="key"
        type="button"
        value="68"
      >
        Ab
      </button>
      <button
        aria-label="key"
        type="button"
        value="69"
      >
        A
      </button>
      <button
        aria-label="key"
        type="button"
        value="70"
      >
        Bb
      </button>
      <button
        aria-label="key"
        type="button"
        value="71"
      >
        B
      </button>
    </div>
  </div>
</div>
`;
