// Vitest Snapshot v1, https://vitest.dev/guide/snapshot.html

exports[`App > matches snapshot 1`] = `
<div
  class="App"
>
  <form
    aria-label="synth user interface"
  >
    <section
      aria-label="Oscillator"
      class="_SynthParameterGroup--focus_fd9329"
      id="oscillator"
    >
      <header>
        <h2>
          Oscillator
        </h2>
      </header>
    </section>
    <section
      aria-label="Filter"
      class="_SynthParameterGroup_fd9329"
      id="filter"
    >
      <header>
        <h2>
          Filter
        </h2>
      </header>
      <div>
        <label
          for="filter-frequency"
        >
          Frequency
        </label>
        <input
          id="filter-frequency"
          max="127"
          min="0"
          step="0.05"
          type="range"
          value="71.25595213027319"
        />
        <output
          aria-label="Filter frequency"
          for="filter-frequency"
        >
          2000.0
        </output>
      </div>
      <div>
        <label
          for="filter-resonance"
        >
          Resonance
        </label>
        <input
          id="filter-resonance"
          max="127"
          min="0"
          step="0.05"
          type="range"
          value="31.75"
        />
        <output
          aria-label="Filter resonance"
          for="filter-resonance"
        >
          6.0000
        </output>
      </div>
    </section>
    <section
      aria-label="Filter Envelope"
      class="_SynthParameterGroup_fd9329"
      id="filterEnvelope"
    >
      <header>
        <h2>
          Filter Envelope
        </h2>
      </header>
      <div>
        <label
          for="filterEnvelope-attack"
        >
          Attack
        </label>
        <input
          id="filterEnvelope-attack"
          max="127"
          min="0"
          step="0.05"
          type="range"
          value="63.5"
        />
        <output
          aria-label="Filter Envelope attack"
          for="filterEnvelope-attack"
        >
          0.5000
        </output>
      </div>
      <div>
        <label
          for="filterEnvelope-decay"
        >
          Decay
        </label>
        <input
          id="filterEnvelope-decay"
          max="127"
          min="0"
          step="0.05"
          type="range"
          value="31.75"
        />
        <output
          aria-label="Filter Envelope decay"
          for="filterEnvelope-decay"
        >
          0.5000
        </output>
      </div>
      <div>
        <label
          for="filterEnvelope-sustain"
        >
          Sustain
        </label>
        <input
          id="filterEnvelope-sustain"
          max="127"
          min="0"
          step="0.05"
          type="range"
          value="127"
        />
        <output
          aria-label="Filter Envelope sustain"
          for="filterEnvelope-sustain"
        >
          1.0000
        </output>
      </div>
      <div>
        <label
          for="filterEnvelope-release"
        >
          Release
        </label>
        <input
          id="filterEnvelope-release"
          max="127"
          min="0"
          step="0.05"
          type="range"
          value="25.397967959359185"
        />
        <output
          aria-label="Filter Envelope release"
          for="filterEnvelope-release"
        >
          1.0000
        </output>
      </div>
      <div>
        <label
          for="filterEnvelope-amount"
        >
          Amount
        </label>
        <input
          id="filterEnvelope-amount"
          max="127"
          min="0"
          step="0.05"
          type="range"
          value="25.400000000000002"
        />
        <output
          aria-label="Filter Envelope amount"
          for="filterEnvelope-amount"
        >
          2.0000
        </output>
      </div>
    </section>
    <section
      aria-label="Amp Envelope"
      class="_SynthParameterGroup_fd9329"
      id="ampEnvelope"
    >
      <header>
        <h2>
          Amp Envelope
        </h2>
      </header>
      <div>
        <label
          for="envelope-attack"
        >
          Attack
        </label>
        <input
          id="envelope-attack"
          max="127"
          min="0"
          step="0.05"
          type="range"
          value="0.8980256121069153"
        />
        <output
          aria-label="Envelope attack"
          for="envelope-attack"
        >
          0.0001
        </output>
      </div>
      <div>
        <label
          for="envelope-decay"
        >
          Decay
        </label>
        <input
          id="envelope-decay"
          max="127"
          min="0"
          step="0.05"
          type="range"
          value="31.75"
        />
        <output
          aria-label="Envelope decay"
          for="envelope-decay"
        >
          0.5000
        </output>
      </div>
      <div>
        <label
          for="envelope-sustain"
        >
          Sustain
        </label>
        <input
          id="envelope-sustain"
          max="127"
          min="0"
          step="0.05"
          type="range"
          value="127"
        />
        <output
          aria-label="Envelope sustain"
          for="envelope-sustain"
        >
          1.0000
        </output>
      </div>
      <div>
        <label
          for="envelope-release"
        >
          Release
        </label>
        <input
          id="envelope-release"
          max="127"
          min="0"
          step="0.05"
          type="range"
          value="25.397967959359185"
        />
        <output
          aria-label="Envelope release"
          for="envelope-release"
        >
          1.0000
        </output>
      </div>
    </section>
  </form>
</div>
`;
